         5.8425782082118700e+03
         4.8543356370123880e+03
         6.9310410299245400e+03
         1.1753508268578522e+04
         6.1666391486047990e+03
         5.5185661981438920e+03
         3.2705188689408150e+03
         7.9205742845201230e+03
         8.8740492315603390e+03
         9.1998644837173160e+03
