         5.2123923589261710e+07
         4.0506602675538920e+07
         2.8441009154194140e+07
         6.8807189538492900e+07
         2.7507682076098166e+07
         3.0558411616770122e+07
         2.6166110492423100e+07
         4.8323719085921496e+07
         3.8751553216976320e+07
         5.4876529878035080e+07
