         4.7648097548897670e+02
         5.5494113433051140e+02
         7.2400892377611000e+02
         6.5827389824503730e+02
         4.5076504693429837e+02
         4.4735339991914464e+02
         3.6289223647822550e+02
         6.0411222216966680e+02
         6.1520425236032760e+02
         6.2646490446847220e+02
