         2.4258096168351614e+01
         4.9777354879142024e+01
         1.3586476281173253e+01
         1.1193445389637114e+02
         1.2578223124473335e+02
         6.0257579185030850e+01
         7.2456716892775870e+01
         5.0363664792902880e+01
         3.3732077819063640e+01
         1.0698980337637298e+01
