         5.8741990336939250e+01
         7.6451933538540830e+01
         7.7839350434780870e+01
         2.4328700090225000e+01
         7.1049980242476440e+01
         8.2108791698451140e+01
         1.7976326236372287e+01
         2.3116500620212996e+01
         3.5476722439076680e+01
         8.1129655144551240e+01
