         7.0246981815781640e+05
         6.4661181627803090e+05
         8.3445650759545390e+05
         4.8223296595703030e+05
         1.0374055455267107e+06
         5.6277361488177780e+05
         5.4046831806900060e+05
         8.4712025156283620e+05
         9.7422975671501330e+05
         3.7578012213543063e+05
