         2.5568727044542520e+01
         2.1354965417571452e+02
         3.3492849073308160e+04
         1.3047944147460848e+02
         7.6312697379953450e+01
         1.1235372156380555e+02
         1.1116902462792133e+02
         3.3035223968847100e+05
         3.0133171568652670e+05
         6.3647702362848830e+04
