         8.9471682228021300e+03
         4.3857072939073760e+03
         7.2205555903636090e+03
         6.6810096900084250e+03
         5.5155971320082080e+03
         4.7532392209156570e+03
         2.5493769802956980e+03
         5.5265897743251970e+03
         5.8009571650469630e+03
         6.5488299485619920e+03
