         2.0034926997977528e+06
         1.9581108153535253e+06
         2.8454110697170007e+06
         1.8456096769995461e+06
         1.6606852565453274e+06
         1.9446833921575660e+06
         1.0542922935121302e+06
         2.4529281400311124e+06
         1.7154257596540798e+06
         2.7360538989337390e+06
