         4.0860691837094585e+00
         9.1531467034860230e+00
         9.3524385388833120e+00
         3.8347946516840040e+01
         1.3980187512744818e+01
         2.2695204843928140e+01
         3.5531632450625910e+01
         1.6891947638072548e+01
         1.2191665805698289e+01
         1.3635495475798558e+01
