         2.2695066671727800e+06
         2.6626186322765700e+06
         4.2901676810177200e+06
         4.0020720918165600e+06
         2.3013533207400600e+06
         2.1640158539990400e+06
         1.4052078589739600e+06
         2.9916728650720800e+06
         3.5953656666936300e+06
         3.1362074626515100e+06
