         1.0230021708549335e+04
         4.4486404579474660e+04
         3.8295418803525380e+04
         7.2414962470359630e+02
         3.6854652548365964e+04
         7.1275916182654870e+04
         1.0703535825478436e+03
         7.9786090284133120e+03
         2.2645646462972550e+03
         4.4157329568631634e+04
