         1.3052544149769990e+11
         4.5966337616532430e+09
         4.1514253490996605e+10
         7.2084510922560640e+09
         2.3469718815187958e+10
         1.3863175332822304e+10
         2.4933125781128354e+09
         1.2061877693816772e+10
         4.8691492584937990e+09
         2.3979277456286680e+10
