         1.0368077725327648e+01
         8.5137065362420050e+00
         6.2319369037169096e+01
         3.9773744418685176e+01
         1.8187999082870604e+01
         2.2147959640544940e+01
         4.8593388184262004e+01
         2.8506928401225608e+01
         6.4933474162100650e+00
         9.7503015064963880e+01
