         1.8186789384160618e+03
         1.8115013966413626e+03
         1.7588383940099216e+03
         1.7623002079544406e+03
         1.8230777526020788e+03
         1.4070981476602690e+03
         1.2547117664570250e+03
         1.9148339396314072e+03
         1.9157577094196790e+03
         1.5325608787330823e+03
