         2.0780007603287096e+01
         6.9483191415102730e+00
         1.5014044248982943e+01
         1.7390812702338950e+01
         1.5463033513533434e+01
         1.3728239966961633e+01
         1.9651644522413427e+01
         1.1453287708716790e+01
         1.3859263665107424e+01
         1.5071985679673606e+01
