         4.9186590073222000e-01
         3.6371031083761800e+00
         1.7325887341498800e+01
         7.5963702858634700e+00
         4.1590858016687700e+01
         2.2418593182638000e+01
         1.5552971016119700e+01
         6.2247705578924100e+01
         6.9092448225232100e+01
         2.0966390533869700e+01
