   5.874199033694e+01
   7.645193353854e+01
   7.783935043478e+01
   2.432870009022e+01
   7.104998024248e+01
   8.210879169845e+01
   1.797632623637e+01
   2.311650062021e+01
   3.547672243908e+01
   8.112965514455e+01
