         7.6788751141181510e+02
         7.4037079917799160e+02
         7.9575102850169250e+02
         7.3730609156951490e+02
         8.6272097914731810e+02
         8.7940617469034020e+02
         8.6751327965442010e+02
         7.3551647481462500e+02
         7.4989738637203270e+02
         6.7280593083356130e+02
