         8.6451913578062900e+01
         8.6211629941250300e+01
         8.6488938032365800e+01
         8.6170949617764200e+01
         8.6542443719688100e+01
         8.6454981324538100e+01
         8.5774870866825800e+01
         8.6469043082916400e+01
         8.6425074523160500e+01
         8.6296580231244200e+01
