         6.0247187830280700e+03
         4.6474646882183830e+03
         6.4324453124212220e+03
         9.3920992989786100e+03
         3.6512626080574070e+03
         5.0269719940176240e+03
         2.7265399758169680e+03
         3.4629667138530385e+03
         6.9984967214983400e+03
         7.6347690020655900e+03
