         2.8107742967351488e+01
         3.9670249911645120e+01
         3.6227685526665020e+01
         4.5623683467124650e+01
         8.1721233778712230e+00
         1.4578941614354658e+01
         5.2946053984661960e+01
         8.8667301751502950e+01
         6.3649369863871360e+01
         3.2712368252264746e+01
