         4.2920663113171900e+03
         1.2053105167976600e+03
         1.5331074783881900e+03
         1.8391694418520700e+05
         2.3368866334507200e+04
         3.6233844790623600e+04
         1.2625585944133000e+05
         5.0709964480810200e+03
         3.0066677748765200e+03
         1.5825318072064000e+03
