         1.4072970472754576e+05
         3.8045999390692270e+06
         9.2411530573640190e+06
         2.1244842265371077e+07
         1.4032582489335414e+06
         4.0516274519452234e+06
         5.6342203915613890e+06
         4.4139459950240140e+06
         5.6195931662505820e+06
         6.0024861447175290e+06
