         5.5859984497157600e+00
         7.3103844858424500e+00
         1.6200593976584400e+01
         7.7442544015568600e+00
         2.2124333080462500e+01
         2.5819393278307200e+01
         6.2953035231868400e+00
         4.6016915538000600e+01
         4.3028680215744000e+01
         2.4396548956554200e+00
