         3.0787642314124398e+01
         1.1085187290664187e+02
         1.0660120485456116e+02
         7.0220681103086280e+02
         7.2115540995745900e+01
         1.3425730274715312e+02
         3.7734125363161080e+02
         9.2583363754763950e+01
         6.8584456007414800e+01
         1.5084778345185440e+02
