         3.4275988920945300e+02
         5.2979559570279930e+02
         1.0556543055317062e+00
         1.7397145898226274e+03
         1.1687979297050667e+03
         1.6940513858699830e+03
         1.2719821233627254e+03
         1.4542770264828778e+03
         1.1375144563173128e+03
         3.0881255684999047e+01
