         5.4189545893795426e+01
         5.1567414789377140e+01
         6.4238197769397460e+01
         4.0125407701794600e+01
         7.6330281832980420e+01
         4.6613956054505310e+01
         4.6549733149616024e+01
         6.4760194886553760e+01
         7.2700517870206480e+01
         3.4200195898470680e+01
