         8.5397415736166150e+01
         1.2546314595217387e+02
         3.7168454041617620e+01
         6.5063030335769970e+02
         3.5614463222914253e+02
         6.6245454744820550e+02
         3.5242518788203020e+02
         1.8038799272504352e+02
         1.5704629312536116e+02
         3.3475811817533035e+01
