         8.7785754629791540e+02
         2.7132047400343515e+02
         7.6951650535852020e+02
         3.1100068151513074e+02
         4.9335482269211800e+02
         4.5198268662707170e+02
         1.9183662915528444e+02
         3.7242008832564403e+02
         2.0226571859733846e+02
         8.9094494143117500e+02
