         6.1297465573092530e+02
         6.9159990032872820e+02
         2.4275821889318784e+01
         1.3894635343974019e+03
         1.1082689373270587e+03
         1.3496833841681357e+03
         1.1470217189881778e+03
         1.1907709453210420e+03
         1.0676351987660764e+03
         2.0878999651056898e+02
