         8.6285892622171700e+01
         8.6038639298898900e+01
         8.6471930527667700e+01
         8.5706451313183200e+01
         8.5527111921962300e+01
         8.6002478133183000e+01
         8.5769995704222000e+01
         8.5742895434023100e+01
         8.6173524320601100e+01
         8.6143433981325400e+01
