         1.4181513755965017e+05
         5.3285205360647510e+06
         8.8872304762293120e+06
         1.5792368949697671e+07
         1.8077169062740768e+06
         5.0840378918177150e+06
         1.9345146184541910e+07
         3.0958917684937180e+06
         2.0986540946569957e+05
         1.2152054833911428e+07
