   5.125800966306e+01
   3.354806646146e+01
   3.216064956522e+01
   8.567129990978e+01
   3.895001975752e+01
   2.789120830155e+01
   9.202367376363e+01
   8.688349937979e+01
   7.452327756092e+01
   2.887034485545e+01
