         5.0657631756510955e+03
         4.6011192529525080e+03
         6.0342964689117540e+03
         5.0203307945224215e+03
         4.7296747216226470e+03
         4.6215814876896620e+03
         3.8054471890636264e+03
         5.0452911169666995e+03
         4.6984307338665085e+03
         5.9326364843900810e+03
