         1.7848986955871574e+01
         1.7488919032364947e+02
         1.8832369657093295e+02
         1.5094829505702296e+02
         6.9683955599896630e+01
         1.9466779116804426e+02
         1.8402974108754424e+02
         8.0547930702338680e+01
         5.4498981699120570e+01
         2.7621716325595185e+02
