         1.8248178318690378e+04
         1.4763402335286806e+04
         9.4211039578395650e+03
         1.9741395765379482e+04
         2.1610322507660498e+04
         7.5321640569939260e+03
         4.4447188287655270e+03
         3.6312169681610730e+04
         1.7983236910039646e+04
         3.4080482635337860e+04
