         9.2701646180143580e+05
         7.8057408858326380e+06
         8.5803281603603140e+06
         5.8146324903333190e+05
         1.0705844640421540e+07
         3.0141489916655660e+07
         2.1027369080672264e+06
         5.2423729830420220e+06
         1.1284910598036759e+06
         1.1088686334069114e+07
