   8.119288991708e+02
   8.394456114047e+02
   7.840653820810e+02
   8.425103190131e+02
   7.170954314353e+02
   7.004102358923e+02
   7.123031309282e+02
   8.442999357680e+02
   8.299190242106e+02
   9.070104797491e+02
