         1.1790548433268818e+03
         2.0510729301090942e+02
         6.3723522965207680e+02
         2.5212577764330050e+02
         4.4349352704720957e+02
         3.1330151968627655e+02
         1.4944651060076308e+02
         3.3000932560778840e+02
         2.8104981039392670e+02
         5.2666697974762500e+02
