         7.8888242498852590e+00
         3.2544142819112120e+03
         1.7268918803246794e+04
         8.4220980747658120e+03
         2.5290132822715052e+00
         1.1219130336056485e+03
         1.7681858505442124e+04
         4.1745449904694780e+03
         2.0855060843366978e+03
         3.1054479990647790e+04
