         2.1151666760449310e+01
         6.8354951827141830e+00
         4.3165747497037040e+01
         6.8242773765465100e+01
         5.3414608837072990e+01
         6.1613505106393190e+01
         1.1238860392040424e+01
         1.6690042931969487e+00
         6.0939830541622264e+01
         6.5721213183023930e+01
