         2.4310796087536605e+02
         5.0833940905023574e+01
         1.3433744116585020e+02
         6.3850698285329990e+01
         1.0788157637885702e+02
         7.7450238142971810e+01
         3.2753721609054890e+01
         7.0263984121743520e+01
         5.7319104977530394e+01
         1.3187972957929220e+02
