         3.8385130992128504e+06
         4.4504489867069140e+06
         1.2288024560858160e+05
         2.2353306702971756e+07
         1.1923237708016193e+07
         1.8070191814945690e+07
         1.6067614721915934e+07
         1.4224492829618288e+07
         1.1836543113203295e+07
         9.3120893161521030e+05
