   7.678875114118e+02
   7.403707991780e+02
   7.957510285017e+02
   7.373060915695e+02
   8.627209791473e+02
   8.794061746903e+02
   8.675132796544e+02
   7.355164748146e+02
   7.498973863720e+02
   6.728059308336e+02
