         3.7490447667167020e+05
         2.7011071422218374e+05
         5.7141643612299440e+05
         3.1782857673431070e+05
         5.4379782495106190e+05
         4.3594758630375930e+05
         3.2177649603358936e+05
         4.4233453521978983e+05
         3.5291918748064490e+05
         2.8522466185385745e+05
