         5.0646354470800190e+05
         7.0975776447338340e+06
         8.4425907552823030e+06
         8.8845912963042100e+06
         2.9999635929853630e+06
         8.2976599224036390e+06
         1.3046379114041224e+07
         5.0185884440618350e+06
         1.1866239106071490e+06
         1.0465838674650620e+07
