         8.4015380640307670e+01
         3.6814986889084844e+02
         8.1923893921907280e+01
         1.6790328267877695e+02
         1.5113406126821693e+02
         1.1430535861841545e+02
         7.4936689453108340e+01
         5.2590178514485060e+02
         1.0096989949061688e+02
         1.2022988042903371e+02
