         7.0871539667990430e+01
         8.8111487825399100e+01
         7.6999010637450720e+01
         1.3305775421326500e+02
         6.3766585094401805e+01
         7.2868298607022350e+01
         8.5959864808640960e+01
         8.5227994587724240e+01
         7.2212589228340460e+01
         7.2724922176911830e+01
