ARMA_MAT_TXT_FN008
2 12
   0.000000000000e+00  -3.200000000000e+00   5.000000000000e+00   5.000000000000e+00  -2.890000000000e+00   5.000000000000e+00   5.860000000000e-01   5.000000000000e+00   5.000000000000e+00   5.000000000000e+00   4.890000000000e+00   1.000000000000e+00
   0.000000000000e+00  -5.000000000000e+00   5.000000000000e+00  -3.580000000000e+00   4.970000000000e+00   2.450000000000e+00  -1.480000000000e+00  -4.800000000000e-01  -4.250000000000e+00  -5.000000000000e+00  -5.000000000000e+00   1.000000000000e+00
